ARM Linker, 4.1 [Build 894] [Professional][RL-ARM]

==============================================================================

Section Cross References

    lpc2300.o(STACK) refers (Special) to heapauxi.o(.text) for __use_two_region_memory
    lpc2300.o(HEAP) refers (Special) to heapauxi.o(.text) for __use_two_region_memory
    lpc2300.o(RESET) refers (Special) to heapauxi.o(.text) for __use_two_region_memory
    lpc2300.o(RESET) refers to lpc2300.o(STACK) for Stack_Top
    lpc2300.o(RESET) refers to __main.o(!!!main) for __main
    lpc2300.o(.text) refers (Special) to heapauxi.o(.text) for __use_two_region_memory
    lpc2300.o(.text) refers to lpc2300.o(HEAP) for Heap_Mem
    lpc2300.o(.text) refers to lpc2300.o(STACK) for Stack_Mem
    main.o(.text) refers to rt_memcpy.o(.text) for __aeabi_memcpy
    main.o(.text) refers to data.o(.text) for disableAlarm
    main.o(.text) refers to irc.o(.text) for initVIC
    main.o(.text) refers to softtimer.o(.text) for initSoftTimers
    main.o(.text) refers to usbhw.o(.text) for USB_Init
    main.o(.text) refers to data.o(.bss) for data
    main.o(.text) refers to main.o(.bss) for InReport
    main.o(.text) refers to led7.o(.data) for led7
    main.o(.text) refers to timer.o(.data) for timer
    main.o(.text) refers to led.o(.data) for led
    led.o(.data) refers to led.o(.text) for resetLed
    led7.o(.text) refers to aeabi_sdiv.o(.text) for __aeabi_idivmod
    led7.o(.data) refers to led7.o(.text) for initLed7
    ssp.o(.text) refers to ssp.o(.data) for SSP
    ssp.o(.data) refers to ssp.o(.text) for initSPI
    timer.o(.data) refers to timer.o(.text) for initTimer0
    irc.o(.text) refers to data.o(.text) for sendAlarm
    irc.o(.text) refers to softtimer.o(.bss) for readPortTimer
    irc.o(.text) refers to softtimer.o(.data) for ssp1Timer
    irc.o(.text) refers to timer.o(.data) for timer
    irc.o(.text) refers to led.o(.data) for led
    irc.o(.text) refers to i2c.o(.bss) for dataDS1631
    softtimer.o(.text) refers to data.o(.text) for setMode
    softtimer.o(.text) refers to led.o(.bss) for ledsBlink
    softtimer.o(.text) refers to led.o(.data) for led
    softtimer.o(.text) refers to led7.o(.data) for led7
    softtimer.o(.text) refers to softtimer.o(.bss) for THdTimer
    softtimer.o(.text) refers to softtimer.o(.constdata) for DI
    softtimer.o(.text) refers to ssp.o(.data) for SSP
    softtimer.o(.text) refers to data.o(.bss) for data
    softtimer.o(.data) refers to softtimer.o(.text) for recSSP1OnTimer
    data.o(.text) refers to softtimer.o(.text) for startTHdTimer
    data.o(.text) refers to fflt_noclz.o(x$fpl$ffltu) for __aeabi_ui2f
    data.o(.text) refers to fflt_noclz.o(x$fpl$fflt) for __aeabi_i2f
    data.o(.text) refers to fdiv.o(x$fpl$fdiv) for __aeabi_fdiv
    data.o(.text) refers to f2d.o(x$fpl$f2d) for __aeabi_f2d
    data.o(.text) refers to drleqf.o(x$fpl$drleqf) for __aeabi_cdrcmple
    data.o(.text) refers to i2c.o(.text) for initI2C
    data.o(.text) refers to dflt_noclz.o(x$fpl$dflt) for __aeabi_i2d
    data.o(.text) refers to ddiv.o(x$fpl$ddiv) for __aeabi_ddiv
    data.o(.text) refers to daddsub_noclz.o(x$fpl$dsub) for __aeabi_dsub
    data.o(.text) refers to dfix.o(x$fpl$dfix) for __aeabi_d2iz
    data.o(.text) refers to ssp.o(.text) for configureMAX31865
    data.o(.text) refers to data.o(.constdata) for MODE
    data.o(.text) refers to data.o(.bss) for data
    data.o(.text) refers to softtimer.o(.bss) for THdTimer
    data.o(.text) refers to data.o(.data) for leds
    data.o(.text) refers to led.o(.data) for led
    data.o(.text) refers to led.o(.bss) for ledsBlink
    data.o(.text) refers to led7.o(.data) for led7
    data.o(.text) refers to ssp.o(.data) for SSP
    data.o(.text) refers to i2c.o(.bss) for dataDS1631
    data.o(.data) refers to data.o(.bss) for data
    hiduser.o(.text) refers to main.o(.text) for GetInReport
    hiduser.o(.text) refers to rt_memcpy.o(.text) for __aeabi_memcpy
    hiduser.o(.text) refers to usbcore.o(.data) for SetupPacket
    hiduser.o(.text) refers to main.o(.bss) for InReport
    hiduser.o(.text) refers to usbcore.o(.bss) for EP0Buf
    hiduser.o(.text) refers to hiduser.o(.data) for HID_IdleTime
    usbcore.o(.text) refers to usbhw.o(.text) for USB_ReadEP
    usbcore.o(.text) refers to usbcore.o(i.USB_ReqGetStatus) for USB_ReqGetStatus
    usbcore.o(.text) refers to usbcore.o(i.USB_ReqSetClrFeature) for USB_ReqSetClrFeature
    usbcore.o(.text) refers to usbcore.o(i.USB_ReqGetDescriptor) for USB_ReqGetDescriptor
    usbcore.o(.text) refers to usbcore.o(i.USB_ReqSetConfiguration) for USB_ReqSetConfiguration
    usbcore.o(.text) refers to usbuser.o(.text) for USB_Configure_Event
    usbcore.o(.text) refers to usbcore.o(i.USB_ReqSetInterface) for USB_ReqSetInterface
    usbcore.o(.text) refers to hiduser.o(.text) for HID_GetReport
    usbcore.o(.text) refers to usbcore.o(.data) for USB_DeviceStatus
    usbcore.o(.text) refers to usbcore.o(.bss) for EP0Buf
    usbhw.o(.text) refers to usbuser.o(.text) for USB_Reset_Event
    usbhw.o(.text) refers to uwrite4.o(.text) for __aeabi_uwrite4
    usbhw.o(.text) refers to uread4.o(.text) for __aeabi_uread4
    usbhw.o(.text) refers to usbuser.o(.constdata) for USB_P_EP
    usbhw.o(.text) refers to usbcore.o(.data) for USB_DeviceStatus
    usbuser.o(.text) refers to usbcore.o(.text) for USB_ResetCore
    usbuser.o(.text) refers to main.o(.text) for GetInReport
    usbuser.o(.text) refers to usbhw.o(.text) for USB_WriteEP
    usbuser.o(.text) refers to usbcore.o(.data) for USB_Configuration
    usbuser.o(.text) refers to main.o(.bss) for InReport
    usbuser.o(.constdata) refers to usbcore.o(.text) for USB_EndPoint0
    usbuser.o(.constdata) refers to usbuser.o(.text) for USB_EndPoint1
    rt_memcpy.o(.text) refers to rt_memcpy_w.o(.text) for __aeabi_memcpy4
    aeabi_sdiv.o(.text_udiv) refers to aeabi_sdiv.o(.text) for __arm_div2
    aeabi_sdiv_div0.o(.text_udiv) refers to aeabi_sdiv_div0.o(.text) for __arm_div2
    __main.o(!!!main) refers to rtentry.o(.ARM.Collect$$rtentry$$00000000) for __rt_entry
    daddsub_noclz.o(x$fpl$dadd) refers (Special) to usenofp.o(x$fpl$usenofp) for __I$use$fp
    daddsub_noclz.o(x$fpl$dadd) refers to daddsub_noclz.o(x$fpl$dsub) for _dsub1
    daddsub_noclz.o(x$fpl$dadd) refers to dretinf.o(x$fpl$dretinf) for __fpl_dretinf
    daddsub_noclz.o(x$fpl$dadd) refers to dnaninf.o(x$fpl$dnaninf) for __fpl_dnaninf
    daddsub_noclz.o(x$fpl$drsb) refers (Special) to usenofp.o(x$fpl$usenofp) for __I$use$fp
    daddsub_noclz.o(x$fpl$drsb) refers to daddsub_noclz.o(x$fpl$dadd) for _dadd1
    daddsub_noclz.o(x$fpl$drsb) refers to daddsub_noclz.o(x$fpl$dsub) for _dsub1
    daddsub_noclz.o(x$fpl$dsub) refers (Special) to usenofp.o(x$fpl$usenofp) for __I$use$fp
    daddsub_noclz.o(x$fpl$dsub) refers to daddsub_noclz.o(x$fpl$dadd) for _dadd1
    daddsub_noclz.o(x$fpl$dsub) refers to dnaninf.o(x$fpl$dnaninf) for __fpl_dnaninf
    ddiv.o(x$fpl$drdiv) refers (Special) to usenofp.o(x$fpl$usenofp) for __I$use$fp
    ddiv.o(x$fpl$drdiv) refers to ddiv.o(x$fpl$ddiv) for ddiv_entry
    ddiv.o(x$fpl$ddiv) refers (Special) to usenofp.o(x$fpl$usenofp) for __I$use$fp
    ddiv.o(x$fpl$ddiv) refers to dretinf.o(x$fpl$dretinf) for __fpl_dretinf
    ddiv.o(x$fpl$ddiv) refers to dnaninf.o(x$fpl$dnaninf) for __fpl_dnaninf
    dfix.o(x$fpl$dfix) refers (Special) to usenofp.o(x$fpl$usenofp) for __I$use$fp
    dfix.o(x$fpl$dfix) refers to dnaninf.o(x$fpl$dnaninf) for __fpl_dnaninf
    dfix.o(x$fpl$dfixr) refers (Special) to usenofp.o(x$fpl$usenofp) for __I$use$fp
    dfix.o(x$fpl$dfixr) refers to dnaninf.o(x$fpl$dnaninf) for __fpl_dnaninf
    dflt_noclz.o(x$fpl$dfltu) refers (Special) to usenofp.o(x$fpl$usenofp) for __I$use$fp
    dflt_noclz.o(x$fpl$dfltu) refers to dflt_noclz.o(x$fpl$dflt) for __dflt_normalise
    dflt_noclz.o(x$fpl$dflt) refers (Special) to usenofp.o(x$fpl$usenofp) for __I$use$fp
    drleqf.o(x$fpl$drleqf) refers (Special) to usenofp.o(x$fpl$usenofp) for __I$use$fp
    drleqf.o(x$fpl$drleqf) refers to dleqf.o(x$fpl$dleqf) for __fpl_dcmple_InfNaN
    f2d.o(x$fpl$f2d) refers (Special) to usenofp.o(x$fpl$usenofp) for __I$use$fp
    f2d.o(x$fpl$f2d) refers to fnaninf.o(x$fpl$fnaninf) for __fpl_fnaninf
    f2d.o(x$fpl$f2d) refers to dretinf.o(x$fpl$dretinf) for __fpl_dretinf
    fdiv.o(x$fpl$frdiv) refers (Special) to usenofp.o(x$fpl$usenofp) for __I$use$fp
    fdiv.o(x$fpl$frdiv) refers to fdiv.o(x$fpl$fdiv) for _fdiv1
    fdiv.o(x$fpl$fdiv) refers (Special) to usenofp.o(x$fpl$usenofp) for __I$use$fp
    fdiv.o(x$fpl$fdiv) refers to fretinf.o(x$fpl$fretinf) for __fpl_fretinf
    fdiv.o(x$fpl$fdiv) refers to fnaninf.o(x$fpl$fnaninf) for __fpl_fnaninf
    fflt_noclz.o(x$fpl$ffltu) refers (Special) to usenofp.o(x$fpl$usenofp) for __I$use$fp
    fflt_noclz.o(x$fpl$ffltu) refers to fflt_noclz.o(x$fpl$fflt) for __fflt_normalise
    fflt_noclz.o(x$fpl$fflt) refers (Special) to usenofp.o(x$fpl$usenofp) for __I$use$fp
    rtentry.o(.ARM.Collect$$rtentry$$00000000) refers (Special) to rtentry2.o(.ARM.Collect$$rtentry$$0000000A) for __rt_entry_li
    rtentry.o(.ARM.Collect$$rtentry$$00000000) refers (Special) to rtentry2.o(.ARM.Collect$$rtentry$$0000000D) for __rt_entry_main
    rtentry.o(.ARM.Collect$$rtentry$$00000000) refers (Special) to rtentry2.o(.ARM.Collect$$rtentry$$0000000C) for __rt_entry_postli_1
    rtentry.o(.ARM.Collect$$rtentry$$00000000) refers (Special) to rtentry2.o(.ARM.Collect$$rtentry$$00000009) for __rt_entry_postsh_1
    rtentry.o(.ARM.Collect$$rtentry$$00000000) refers (Special) to rtentry2.o(.ARM.Collect$$rtentry$$00000002) for __rt_entry_presh_1
    rtentry.o(.ARM.Collect$$rtentry$$00000000) refers (Special) to rtentry4.o(.ARM.Collect$$rtentry$$00000004) for __rt_entry_sh
    aeabi_idiv0_sigfpe.o(.text) refers to rt_div0.o(.text) for __rt_div0
    dleqf.o(x$fpl$dleqf) refers (Special) to usenofp.o(x$fpl$usenofp) for __I$use$fp
    dleqf.o(x$fpl$dleqf) refers to dnaninf.o(x$fpl$dnaninf) for __fpl_dnaninf
    dleqf.o(x$fpl$dleqf) refers to dcmpi.o(x$fpl$dcmpinf) for __fpl_dcmp_Inf
    dnaninf.o(x$fpl$dnaninf) refers (Special) to usenofp.o(x$fpl$usenofp) for __I$use$fp
    dretinf.o(x$fpl$dretinf) refers (Special) to usenofp.o(x$fpl$usenofp) for __I$use$fp
    fnaninf.o(x$fpl$fnaninf) refers (Special) to usenofp.o(x$fpl$usenofp) for __I$use$fp
    fretinf.o(x$fpl$fretinf) refers (Special) to usenofp.o(x$fpl$usenofp) for __I$use$fp
    rtentry2.o(.ARM.Collect$$rtentry$$00000008) refers to boardinit2.o(.text) for _platform_post_stackheap_init
    rtentry2.o(.ARM.Collect$$rtentry$$0000000A) refers to libinit.o(.ARM.Collect$$libinit$$00000000) for __rt_lib_init
    rtentry2.o(.ARM.Collect$$rtentry$$0000000B) refers to boardinit3.o(.text) for _platform_post_lib_init
    rtentry2.o(.ARM.Collect$$rtentry$$0000000D) refers to exit.o(.text) for exit
    rtentry2.o(.ARM.Collect$$rtentry$$0000000D) refers to main.o(.text) for main
    rtentry2.o(.ARM.exidx) refers to rtentry2.o(.ARM.Collect$$rtentry$$00000001) for .ARM.Collect$$rtentry$$00000001
    rtentry2.o(.ARM.exidx) refers to rtentry2.o(.ARM.Collect$$rtentry$$00000008) for .ARM.Collect$$rtentry$$00000008
    rtentry2.o(.ARM.exidx) refers to rtentry2.o(.ARM.Collect$$rtentry$$0000000A) for .ARM.Collect$$rtentry$$0000000A
    rtentry2.o(.ARM.exidx) refers to rtentry2.o(.ARM.Collect$$rtentry$$0000000B) for .ARM.Collect$$rtentry$$0000000B
    rtentry2.o(.ARM.exidx) refers to rtentry2.o(.ARM.Collect$$rtentry$$0000000D) for .ARM.Collect$$rtentry$$0000000D
    rtentry4.o(.ARM.Collect$$rtentry$$00000004) refers to sys_stackheap_outer.o(.text) for __user_setup_stackheap
    rtentry4.o(.ARM.exidx) refers to rtentry4.o(.ARM.Collect$$rtentry$$00000004) for .ARM.Collect$$rtentry$$00000004
    rt_div0.o(.text) refers to defsig_fpe_outer.o(.text) for __rt_SIGFPE
    dcmpi.o(x$fpl$dcmpinf) refers (Special) to usenofp.o(x$fpl$usenofp) for __I$use$fp
    sys_stackheap_outer.o(.text) refers to libspace.o(.text) for __user_perproc_libspace
    sys_stackheap_outer.o(.text) refers to lpc2300.o(.text) for __user_initial_stackheap
    exit.o(.text) refers to rtexit.o(.ARM.Collect$$rtexit$$00000000) for __rt_exit
    defsig_fpe_outer.o(.text) refers to defsig_fpe_inner.o(.text) for __rt_SIGFPE_inner
    defsig_fpe_outer.o(.text) refers to defsig_exit.o(.text) for __sig_exit
    defsig_fpe_formal.o(.text) refers to rt_raise.o(.text) for __rt_raise
    libinit.o(.ARM.Collect$$libinit$$00000000) refers (Special) to libinit2.o(.ARM.Collect$$libinit$$0000002A) for __rt_lib_init_alloca_1
    libinit.o(.ARM.Collect$$libinit$$00000000) refers (Special) to libinit2.o(.ARM.Collect$$libinit$$00000028) for __rt_lib_init_argv_1
    libinit.o(.ARM.Collect$$libinit$$00000000) refers (Special) to libinit2.o(.ARM.Collect$$libinit$$00000017) for __rt_lib_init_atexit_1
    libinit.o(.ARM.Collect$$libinit$$00000000) refers (Special) to libinit2.o(.ARM.Collect$$libinit$$0000001D) for __rt_lib_init_clock_1
    libinit.o(.ARM.Collect$$libinit$$00000000) refers (Special) to libinit2.o(.ARM.Collect$$libinit$$0000002E) for __rt_lib_init_cpp_1
    libinit.o(.ARM.Collect$$libinit$$00000000) refers (Special) to libinit2.o(.ARM.Collect$$libinit$$0000002C) for __rt_lib_init_exceptions_1
    libinit.o(.ARM.Collect$$libinit$$00000000) refers (Special) to libinit2.o(.ARM.Collect$$libinit$$0000001B) for __rt_lib_init_fp_trap_1
    libinit.o(.ARM.Collect$$libinit$$00000000) refers (Special) to libinit2.o(.ARM.Collect$$libinit$$0000001F) for __rt_lib_init_getenv_1
    libinit.o(.ARM.Collect$$libinit$$00000000) refers (Special) to libinit2.o(.ARM.Collect$$libinit$$00000006) for __rt_lib_init_heap_1
    libinit.o(.ARM.Collect$$libinit$$00000000) refers (Special) to libinit2.o(.ARM.Collect$$libinit$$0000000D) for __rt_lib_init_lc_collate_1
    libinit.o(.ARM.Collect$$libinit$$00000000) refers (Special) to libinit2.o(.ARM.Collect$$libinit$$0000000F) for __rt_lib_init_lc_ctype_1
    libinit.o(.ARM.Collect$$libinit$$00000000) refers (Special) to libinit2.o(.ARM.Collect$$libinit$$00000011) for __rt_lib_init_lc_monetary_1
    libinit.o(.ARM.Collect$$libinit$$00000000) refers (Special) to libinit2.o(.ARM.Collect$$libinit$$00000013) for __rt_lib_init_lc_numeric_1
    libinit.o(.ARM.Collect$$libinit$$00000000) refers (Special) to libinit2.o(.ARM.Collect$$libinit$$00000015) for __rt_lib_init_lc_time_1
    libinit.o(.ARM.Collect$$libinit$$00000000) refers (Special) to libinit2.o(.ARM.Collect$$libinit$$0000000A) for __rt_lib_init_rand_1
    libinit.o(.ARM.Collect$$libinit$$00000000) refers (Special) to libinit2.o(.ARM.Collect$$libinit$$0000002F) for __rt_lib_init_return
    libinit.o(.ARM.Collect$$libinit$$00000000) refers (Special) to libinit2.o(.ARM.Collect$$libinit$$00000019) for __rt_lib_init_signal_1
    libinit.o(.ARM.Collect$$libinit$$00000000) refers (Special) to libinit2.o(.ARM.Collect$$libinit$$00000021) for __rt_lib_init_stdio_1
    libinit.o(.ARM.Collect$$libinit$$00000000) refers (Special) to libinit2.o(.ARM.Collect$$libinit$$00000008) for __rt_lib_init_user_alloc_1
    libinit.o(.ARM.Collect$$libinit$$00000000) refers to fpinit.o(x$fpl$fpinit) for _fp_init
    libspace.o(.text) refers to libspace.o(.bss) for __libspace_start
    rtexit.o(.ARM.Collect$$rtexit$$00000000) refers (Special) to rtexit2.o(.ARM.Collect$$rtexit$$00000004) for __rt_exit_exit
    rtexit.o(.ARM.Collect$$rtexit$$00000000) refers (Special) to rtexit2.o(.ARM.Collect$$rtexit$$00000003) for __rt_exit_ls
    rtexit.o(.ARM.Collect$$rtexit$$00000000) refers (Special) to rtexit2.o(.ARM.Collect$$rtexit$$00000002) for __rt_exit_prels_1
    rtexit.o(.ARM.exidx) refers (Special) to rtexit2.o(.ARM.Collect$$rtexit$$00000004) for __rt_exit_exit
    rtexit.o(.ARM.exidx) refers (Special) to rtexit2.o(.ARM.Collect$$rtexit$$00000003) for __rt_exit_ls
    rtexit.o(.ARM.exidx) refers (Special) to rtexit2.o(.ARM.Collect$$rtexit$$00000002) for __rt_exit_prels_1
    rtexit.o(.ARM.exidx) refers to rtexit.o(.ARM.Collect$$rtexit$$00000000) for .ARM.Collect$$rtexit$$00000000
    rt_raise.o(.text) refers to __raise.o(.text) for __raise
    rt_raise.o(.text) refers to sys_exit.o(.text) for _sys_exit
    defsig_exit.o(.text) refers to sys_exit.o(.text) for _sys_exit
    defsig_fpe_inner.o(.text) refers to defsig_general.o(.text) for __default_signal_display
    libinit2.o(.ARM.Collect$$libinit$$0000000C) refers to libinit2.o(.ARM.Collect$$libinit$$0000000B) for .ARM.Collect$$libinit$$0000000B
    libinit2.o(.ARM.Collect$$libinit$$0000000E) refers to libinit2.o(.ARM.Collect$$libinit$$0000000B) for .ARM.Collect$$libinit$$0000000B
    libinit2.o(.ARM.Collect$$libinit$$00000010) refers to libinit2.o(.ARM.Collect$$libinit$$0000000B) for .ARM.Collect$$libinit$$0000000B
    libinit2.o(.ARM.Collect$$libinit$$00000012) refers to libinit2.o(.ARM.Collect$$libinit$$0000000B) for .ARM.Collect$$libinit$$0000000B
    libinit2.o(.ARM.Collect$$libinit$$00000014) refers to libinit2.o(.ARM.Collect$$libinit$$0000000B) for .ARM.Collect$$libinit$$0000000B
    libinit2.o(.ARM.Collect$$libinit$$00000022) refers to argv_veneer.o(.emb_text) for __ARM_argv_veneer
    libinit2.o(.ARM.Collect$$libinit$$00000023) refers to argv_veneer.o(.emb_text) for __ARM_argv_veneer
    fpinit.o(x$fpl$fpinit) refers to rt_fp_status_addr_intlibspace.o(.text) for __rt_fp_status_addr
    sys_exit.o(.text) refers (Special) to use_no_semi.o(.text) for __I$use$semihosting
    sys_exit.o(.text) refers (Special) to indicate_semi.o(.text) for __semihosting_library_function
    rtexit2.o(.ARM.Collect$$rtexit$$00000003) refers to libshutdown.o(.ARM.Collect$$libshutdown$$00000000) for __rt_lib_shutdown
    rtexit2.o(.ARM.Collect$$rtexit$$00000004) refers to sys_exit.o(.text) for _sys_exit
    rtexit2.o(.ARM.exidx) refers to rtexit2.o(.ARM.Collect$$rtexit$$00000001) for .ARM.Collect$$rtexit$$00000001
    rtexit2.o(.ARM.exidx) refers to rtexit2.o(.ARM.Collect$$rtexit$$00000003) for .ARM.Collect$$rtexit$$00000003
    rtexit2.o(.ARM.exidx) refers to rtexit2.o(.ARM.Collect$$rtexit$$00000004) for .ARM.Collect$$rtexit$$00000004
    rt_fp_status_addr.o(.text) refers to rt_fp_status_addr.o(.bss) for __rt_fp_status_addr_data
    rt_fp_status_addr_intlibspace.o(.text) refers to libspace.o(.bss) for __libspace_start
    __raise.o(.text) refers to __raise.o(i.__ARM_common_call_via_r2) for __ARM_common_call_via_r2
    __raise.o(.text) refers to defsig.o(CL$$defsig) for __default_signal_handler
    defsig_general.o(.text) refers to sys_wrch.o(.text) for _ttywrch
    argv_veneer.o(.emb_text) refers to no_argv.o(.text) for __ARM_get_argv
    sys_wrch.o(.text) refers (Special) to use_no_semi.o(.text) for __I$use$semihosting
    sys_wrch.o(.text) refers (Special) to indicate_semi.o(.text) for __semihosting_library_function
    defsig.o(CL$$defsig) refers to defsig_fpe_inner.o(.text) for __rt_SIGFPE_inner
    defsig.o(CL$$defsig) refers to defsig_rtmem_inner.o(.text) for __rt_SIGRTMEM_inner
    _get_argv_nomalloc.o(.text) refers (Special) to hrguard.o(.text) for __heap_region$guard
    _get_argv_nomalloc.o(.text) refers to defsig_rtmem_outer.o(.text) for __rt_SIGRTMEM
    _get_argv_nomalloc.o(.text) refers to sys_command.o(.text) for _sys_command_string
    libshutdown.o(.ARM.Collect$$libshutdown$$00000000) refers (Special) to libshutdown2.o(.ARM.Collect$$libshutdown$$00000006) for __rt_lib_shutdown_fp_trap_1
    libshutdown.o(.ARM.Collect$$libshutdown$$00000000) refers (Special) to libshutdown2.o(.ARM.Collect$$libshutdown$$0000000E) for __rt_lib_shutdown_heap_1
    libshutdown.o(.ARM.Collect$$libshutdown$$00000000) refers (Special) to libshutdown2.o(.ARM.Collect$$libshutdown$$0000000F) for __rt_lib_shutdown_return
    libshutdown.o(.ARM.Collect$$libshutdown$$00000000) refers (Special) to libshutdown2.o(.ARM.Collect$$libshutdown$$00000009) for __rt_lib_shutdown_signal_1
    libshutdown.o(.ARM.Collect$$libshutdown$$00000000) refers (Special) to libshutdown2.o(.ARM.Collect$$libshutdown$$00000003) for __rt_lib_shutdown_stdio_1
    libshutdown.o(.ARM.Collect$$libshutdown$$00000000) refers (Special) to libshutdown2.o(.ARM.Collect$$libshutdown$$0000000B) for __rt_lib_shutdown_user_alloc_1
    sys_command.o(.text) refers (Special) to use_no_semi.o(.text) for __I$use$semihosting
    sys_command.o(.text) refers (Special) to indicate_semi.o(.text) for __semihosting_library_function
    defsig_abrt_inner.o(.text) refers to defsig_general.o(.text) for __default_signal_display
    defsig_rtred_inner.o(.text) refers to defsig_general.o(.text) for __default_signal_display
    defsig_rtmem_inner.o(.text) refers to defsig_general.o(.text) for __default_signal_display
    defsig_rtmem_outer.o(.text) refers to defsig_rtmem_inner.o(.text) for __rt_SIGRTMEM_inner
    defsig_rtmem_outer.o(.text) refers to defsig_exit.o(.text) for __sig_exit
    defsig_rtmem_formal.o(.text) refers to rt_raise.o(.text) for __rt_raise
    defsig_stak_inner.o(.text) refers to defsig_general.o(.text) for __default_signal_display
    defsig_pvfn_inner.o(.text) refers to defsig_general.o(.text) for __default_signal_display
    defsig_cppl_inner.o(.text) refers to defsig_general.o(.text) for __default_signal_display
    defsig_segv_inner.o(.text) refers to defsig_general.o(.text) for __default_signal_display
    defsig_other.o(.text) refers to defsig_general.o(.text) for __default_signal_display
    usbcore.o(i.USB_ReqSetClrFeature) refers to usbhw.o(.text) for USB_WakeUpCfg
    usbcore.o(i.USB_ReqSetClrFeature) refers to usbcore.o(.data) for SetupPacket
    usbcore.o(i.USB_ReqGetDescriptor) refers to usbcore.o(.data) for SetupPacket
    usbcore.o(i.USB_ReqGetDescriptor) refers to usbdesc.o(.constdata) for USB_DeviceDescriptor
    usbcore.o(i.USB_ReqSetConfiguration) refers to usbhw.o(.text) for USB_DisableEP
    usbcore.o(i.USB_ReqSetConfiguration) refers to usbcore.o(.data) for SetupPacket
    usbcore.o(i.USB_ReqSetConfiguration) refers to usbdesc.o(.constdata) for USB_ConfigDescriptor
    usbcore.o(i.USB_ReqSetInterface) refers to usbhw.o(.text) for USB_ConfigEP
    usbcore.o(i.USB_ReqSetInterface) refers to usbcore.o(.data) for SetupPacket
    usbcore.o(i.USB_ReqSetInterface) refers to usbdesc.o(.constdata) for USB_ConfigDescriptor
    usbcore.o(i.USB_ReqGetStatus) refers to usbcore.o(.data) for SetupPacket
    usbcore.o(i.USB_ReqGetStatus) refers to usbcore.o(.bss) for EP0Buf


==============================================================================

Removing Unused input sections from the image.

    Removing main.o(.constdata), (20 bytes).
    Removing led.o(.constdata), (20 bytes).
    Removing led7.o(.constdata), (20 bytes).
    Removing ssp.o(.constdata), (20 bytes).
    Removing timer.o(.constdata), (20 bytes).
    Removing irc.o(.constdata), (20 bytes).
    Removing i2c.o(.constdata), (20 bytes).

7 unused section(s) (total 140 bytes) removed from the image.

==============================================================================

Adding Veneers to the image

    Adding AT veneer (8 bytes, Inline) for call to '__rt_lib_init' from rtentry2.o(.ARM.Collect$$rtentry$$0000000A).
    Adding AT veneer (8 bytes, Inline) for call to '__rt_lib_shutdown' from rtexit2.o(.ARM.Collect$$rtexit$$00000003).
    Adding TA veneer (4 bytes, Inline) for call to '__rt_exit' from exit.o(.text).
    Adding AT veneer (8 bytes, Inline) for call to '_sys_exit' from rtexit2.o(.ARM.Collect$$rtexit$$00000004).
    Adding TA veneer (4 bytes, Inline) for call to '_fp_init' from libinit.o(.ARM.Collect$$libinit$$00000000).

5 Veneer(s) (total 32 bytes) added to the image.

==============================================================================

Image Symbol Table

    Local Symbols

    Symbol Name                              Value     Ov Type        Size  Object(Section)

    RESET                                    0x00000000   Section      564  lpc2300.o(RESET)
    ../../angel/boardlib.s                   0x00000000   Number         0  boardinit1.o ABSOLUTE
    ../../angel/boardlib.s                   0x00000000   Number         0  boardinit2.o ABSOLUTE
    ../../angel/boardlib.s                   0x00000000   Number         0  boardinit3.o ABSOLUTE
    ../../angel/boardlib.s                   0x00000000   Number         0  boardshut.o ABSOLUTE
    ../../angel/handlers.s                   0x00000000   Number         0  __scatter_zi.o ABSOLUTE
    ../../angel/handlers.s                   0x00000000   Number         0  __scatter_copy.o ABSOLUTE
    ../../angel/kernel.s                     0x00000000   Number         0  rtexit2.o ABSOLUTE
    ../../angel/kernel.s                     0x00000000   Number         0  rtentry2.o ABSOLUTE
    ../../angel/kernel.s                     0x00000000   Number         0  rtexit.o ABSOLUTE
    ../../angel/kernel.s                     0x00000000   Number         0  rtentry4.o ABSOLUTE
    ../../angel/kernel.s                     0x00000000   Number         0  rtentry.o ABSOLUTE
    ../../angel/rt.s                         0x00000000   Number         0  rt_raise.o ABSOLUTE
    ../../angel/rt.s                         0x00000000   Number         0  rt_fp_status_addr.o ABSOLUTE
    ../../angel/rt.s                         0x00000000   Number         0  rt_fp_status_addr_intlibspace.o ABSOLUTE
    ../../angel/rt.s                         0x00000000   Number         0  aeabi_idiv0.o ABSOLUTE
    ../../angel/rt.s                         0x00000000   Number         0  rt_div0.o ABSOLUTE
    ../../angel/rt.s                         0x00000000   Number         0  aeabi_idiv0_sigfpe.o ABSOLUTE
    ../../angel/scatter.s                    0x00000000   Number         0  __scatter.o ABSOLUTE
    ../../angel/startup.s                    0x00000000   Number         0  __main.o ABSOLUTE
    ../../angel/sys.s                        0x00000000   Number         0  use_no_semi.o ABSOLUTE
    ../../angel/sys.s                        0x00000000   Number         0  indicate_semi.o ABSOLUTE
    ../../angel/sys.s                        0x00000000   Number         0  sys_stackheap_outer.o ABSOLUTE
    ../../angel/sys.s                        0x00000000   Number         0  libspace.o ABSOLUTE
    ../../angel/sysapp.c                     0x00000000   Number         0  sys_wrch.o ABSOLUTE
    ../../angel/sysapp.c                     0x00000000   Number         0  sys_exit.o ABSOLUTE
    ../../angel/sysapp.c                     0x00000000   Number         0  sys_command.o ABSOLUTE
    ../../armsys.c                           0x00000000   Number         0  argv_veneer.o ABSOLUTE
    ../../armsys.c                           0x00000000   Number         0  argv_veneer.o ABSOLUTE
    ../../armsys.c                           0x00000000   Number         0  no_argv.o ABSOLUTE
    ../../armsys.c                           0x00000000   Number         0  _get_argv_nomalloc.o ABSOLUTE
    ../../daddsub.s                          0x00000000   Number         0  daddsub_noclz.o ABSOLUTE
    ../../dcmpi.s                            0x00000000   Number         0  dcmpi.o ABSOLUTE
    ../../ddiv.s                             0x00000000   Number         0  ddiv.o ABSOLUTE
    ../../dfix.s                             0x00000000   Number         0  dfix.o ABSOLUTE
    ../../dflt.s                             0x00000000   Number         0  dflt_noclz.o ABSOLUTE
    ../../division.s                         0x00000000   Number         0  aeabi_sdiv.o ABSOLUTE
    ../../division.s                         0x00000000   Number         0  aeabi_sdiv_div0.o ABSOLUTE
    ../../divrt.s                            0x00000000   Number         0  divrt_7tdmi.o ABSOLUTE
    ../../divrt.s                            0x00000000   Number         0  divrt_7tdmi_div0.o ABSOLUTE
    ../../dleqf.s                            0x00000000   Number         0  dleqf.o ABSOLUTE
    ../../dnaninf.s                          0x00000000   Number         0  dnaninf.o ABSOLUTE
    ../../dretinf.s                          0x00000000   Number         0  dretinf.o ABSOLUTE
    ../../drleqf.s                           0x00000000   Number         0  drleqf.o ABSOLUTE
    ../../f2d.s                              0x00000000   Number         0  f2d.o ABSOLUTE
    ../../fdiv.s                             0x00000000   Number         0  fdiv.o ABSOLUTE
    ../../fflt.s                             0x00000000   Number         0  fflt_noclz.o ABSOLUTE
    ../../fnaninf.s                          0x00000000   Number         0  fnaninf.o ABSOLUTE
    ../../fpinit.s                           0x00000000   Number         0  fpinit.o ABSOLUTE
    ../../fretinf.s                          0x00000000   Number         0  fretinf.o ABSOLUTE
    ../../heapalloc.c                        0x00000000   Number         0  hrguard.o ABSOLUTE
    ../../heapaux.c                          0x00000000   Number         0  heapauxi.o ABSOLUTE
    ../../libinit.s                          0x00000000   Number         0  libshutdown2.o ABSOLUTE
    ../../libinit.s                          0x00000000   Number         0  libshutdown.o ABSOLUTE
    ../../libinit.s                          0x00000000   Number         0  libinit2.o ABSOLUTE
    ../../libinit.s                          0x00000000   Number         0  libinit.o ABSOLUTE
    ../../memcpset.s                         0x00000000   Number         0  rt_memcpy_w.o ABSOLUTE
    ../../memcpset.s                         0x00000000   Number         0  rt_memcpy.o ABSOLUTE
    ../../signal.c                           0x00000000   Number         0  defsig_stak_inner.o ABSOLUTE
    ../../signal.c                           0x00000000   Number         0  defsig_pvfn_inner.o ABSOLUTE
    ../../signal.c                           0x00000000   Number         0  defsig_cppl_inner.o ABSOLUTE
    ../../signal.c                           0x00000000   Number         0  defsig_other.o ABSOLUTE
    ../../signal.c                           0x00000000   Number         0  defsig_general.o ABSOLUTE
    ../../signal.c                           0x00000000   Number         0  defsig_fpe_inner.o ABSOLUTE
    ../../signal.c                           0x00000000   Number         0  defsig_exit.o ABSOLUTE
    ../../signal.c                           0x00000000   Number         0  defsig_rtmem_outer.o ABSOLUTE
    ../../signal.c                           0x00000000   Number         0  defsig_segv_inner.o ABSOLUTE
    ../../signal.c                           0x00000000   Number         0  defsig_abrt_inner.o ABSOLUTE
    ../../signal.c                           0x00000000   Number         0  __raise.o ABSOLUTE
    ../../signal.c                           0x00000000   Number         0  defsig_rtred_inner.o ABSOLUTE
    ../../signal.c                           0x00000000   Number         0  defsig_rtmem_inner.o ABSOLUTE
    ../../signal.c                           0x00000000   Number         0  defsig_fpe_outer.o ABSOLUTE
    ../../signal.c                           0x00000000   Number         0  defsig_fpe_formal.o ABSOLUTE
    ../../signal.c                           0x00000000   Number         0  defsig_rtmem_formal.o ABSOLUTE
    ../../signal.s                           0x00000000   Number         0  defsig.o ABSOLUTE
    ../../stdlib.c                           0x00000000   Number         0  exit.o ABSOLUTE
    ../../unhosted.s                         0x00000000   Number         0  uwrite4.o ABSOLUTE
    ../../unhosted.s                         0x00000000   Number         0  uread4.o ABSOLUTE
    ../../usenofp.s                          0x00000000   Number         0  usenofp.o ABSOLUTE
    LPC2300.s                                0x00000000   Number         0  lpc2300.o ABSOLUTE
    SSP.c                                    0x00000000   Number         0  ssp.o ABSOLUTE
    data.c                                   0x00000000   Number         0  data.o ABSOLUTE
    dc.s                                     0x00000000   Number         0  dc.o ABSOLUTE
    i2c.c                                    0x00000000   Number         0  i2c.o ABSOLUTE
    irc.c                                    0x00000000   Number         0  irc.o ABSOLUTE
    led.c                                    0x00000000   Number         0  led.o ABSOLUTE
    led7.c                                   0x00000000   Number         0  led7.o ABSOLUTE
    main.c                                   0x00000000   Number         0  main.o ABSOLUTE
    softTimer.c                              0x00000000   Number         0  softtimer.o ABSOLUTE
    timer.c                                  0x00000000   Number         0  timer.o ABSOLUTE
    usb\hiduser.c                            0x00000000   Number         0  hiduser.o ABSOLUTE
    usb\usbcore.c                            0x00000000   Number         0  usbcore.o ABSOLUTE
    usb\usbdesc.c                            0x00000000   Number         0  usbdesc.o ABSOLUTE
    usb\usbhw.c                              0x00000000   Number         0  usbhw.o ABSOLUTE
    usb\usbuser.c                            0x00000000   Number         0  usbuser.o ABSOLUTE
    Undef_Handler                            0x00000040   ARM Code       4  lpc2300.o(RESET)
    SWI_Handler                              0x00000044   ARM Code       4  lpc2300.o(RESET)
    PAbt_Handler                             0x00000048   ARM Code       4  lpc2300.o(RESET)
    DAbt_Handler                             0x0000004c   ARM Code       4  lpc2300.o(RESET)
    IRQ_Handler                              0x00000050   ARM Code       4  lpc2300.o(RESET)
    FIQ_Handler                              0x00000054   ARM Code       4  lpc2300.o(RESET)
    !!!main                                  0x00000234   Section        8  __main.o(!!!main)
    !!!scatter                               0x0000023c   Section       60  __scatter.o(!!!scatter)
    !!handler_copy                           0x00000278   Section       40  __scatter_copy.o(!!handler_copy)
    !!handler_zi                             0x000002a0   Section       44  __scatter_zi.o(!!handler_zi)
    .ARM.Collect$$libinit$$00000000          0x000002d4   Section        6  libinit.o(.ARM.Collect$$libinit$$00000000)
    .ARM.Collect$$libinit$$00000006          0x000002da   Section        0  libinit2.o(.ARM.Collect$$libinit$$00000006)
    .ARM.Collect$$libinit$$00000008          0x000002da   Section        0  libinit2.o(.ARM.Collect$$libinit$$00000008)
    .ARM.Collect$$libinit$$0000000A          0x000002da   Section        0  libinit2.o(.ARM.Collect$$libinit$$0000000A)
    .ARM.Collect$$libinit$$0000000D          0x000002da   Section        0  libinit2.o(.ARM.Collect$$libinit$$0000000D)
    .ARM.Collect$$libinit$$0000000F          0x000002da   Section        0  libinit2.o(.ARM.Collect$$libinit$$0000000F)
    .ARM.Collect$$libinit$$00000011          0x000002da   Section        0  libinit2.o(.ARM.Collect$$libinit$$00000011)
    .ARM.Collect$$libinit$$00000013          0x000002da   Section        0  libinit2.o(.ARM.Collect$$libinit$$00000013)
    .ARM.Collect$$libinit$$00000015          0x000002da   Section        0  libinit2.o(.ARM.Collect$$libinit$$00000015)
    .ARM.Collect$$libinit$$00000017          0x000002da   Section        0  libinit2.o(.ARM.Collect$$libinit$$00000017)
    .ARM.Collect$$libinit$$00000019          0x000002da   Section        0  libinit2.o(.ARM.Collect$$libinit$$00000019)
    .ARM.Collect$$libinit$$0000001B          0x000002da   Section        0  libinit2.o(.ARM.Collect$$libinit$$0000001B)
    .ARM.Collect$$libinit$$0000001D          0x000002da   Section        0  libinit2.o(.ARM.Collect$$libinit$$0000001D)
    .ARM.Collect$$libinit$$0000001F          0x000002da   Section        0  libinit2.o(.ARM.Collect$$libinit$$0000001F)
    .ARM.Collect$$libinit$$00000021          0x000002da   Section        0  libinit2.o(.ARM.Collect$$libinit$$00000021)
    .ARM.Collect$$libinit$$00000028          0x000002da   Section        0  libinit2.o(.ARM.Collect$$libinit$$00000028)
    .ARM.Collect$$libinit$$0000002A          0x000002da   Section        0  libinit2.o(.ARM.Collect$$libinit$$0000002A)
    .ARM.Collect$$libinit$$0000002C          0x000002da   Section        0  libinit2.o(.ARM.Collect$$libinit$$0000002C)
    .ARM.Collect$$libinit$$0000002E          0x000002da   Section        0  libinit2.o(.ARM.Collect$$libinit$$0000002E)
    .ARM.Collect$$libinit$$0000002F          0x000002da   Section       12  libinit2.o(.ARM.Collect$$libinit$$0000002F)
    .ARM.Collect$$libshutdown$$00000000      0x000002f0   Section        4  libshutdown.o(.ARM.Collect$$libshutdown$$00000000)
    .ARM.Collect$$libshutdown$$00000003      0x000002f4   Section        0  libshutdown2.o(.ARM.Collect$$libshutdown$$00000003)
    .ARM.Collect$$libshutdown$$00000006      0x000002f4   Section        0  libshutdown2.o(.ARM.Collect$$libshutdown$$00000006)
    .ARM.Collect$$libshutdown$$00000009      0x000002f4   Section        0  libshutdown2.o(.ARM.Collect$$libshutdown$$00000009)
    .ARM.Collect$$libshutdown$$0000000B      0x000002f4   Section        0  libshutdown2.o(.ARM.Collect$$libshutdown$$0000000B)
    .ARM.Collect$$libshutdown$$0000000E      0x000002f4   Section        0  libshutdown2.o(.ARM.Collect$$libshutdown$$0000000E)
    .ARM.Collect$$libshutdown$$0000000F      0x000002f4   Section        6  libshutdown2.o(.ARM.Collect$$libshutdown$$0000000F)
    .ARM.Collect$$rtentry$$00000000          0x000002fc   Section        0  rtentry.o(.ARM.Collect$$rtentry$$00000000)
    .ARM.Collect$$rtentry$$00000002          0x000002fc   Section        0  rtentry2.o(.ARM.Collect$$rtentry$$00000002)
    .ARM.Collect$$rtentry$$00000004          0x000002fc   Section        8  rtentry4.o(.ARM.Collect$$rtentry$$00000004)
    .ARM.Collect$$rtentry$$00000009          0x00000304   Section        0  rtentry2.o(.ARM.Collect$$rtentry$$00000009)
    .ARM.Collect$$rtentry$$0000000A          0x00000304   Section        4  rtentry2.o(.ARM.Collect$$rtentry$$0000000A)
    .ARM.Collect$$rtentry$$0000000C          0x00000308   Section        0  rtentry2.o(.ARM.Collect$$rtentry$$0000000C)
    .ARM.Collect$$rtentry$$0000000D          0x00000308   Section       40  rtentry2.o(.ARM.Collect$$rtentry$$0000000D)
    .ARM.Collect$$rtexit$$00000000           0x00000334   Section        4  rtexit.o(.ARM.Collect$$rtexit$$00000000)
    .ARM.Collect$$rtexit$$00000002           0x00000338   Section        0  rtexit2.o(.ARM.Collect$$rtexit$$00000002)
    .ARM.Collect$$rtexit$$00000003           0x00000338   Section        4  rtexit2.o(.ARM.Collect$$rtexit$$00000003)
    .ARM.Collect$$rtexit$$00000004           0x0000033c   Section        8  rtexit2.o(.ARM.Collect$$rtexit$$00000004)
    .text                                    0x00000344   Section       32  lpc2300.o(.text)
    .text                                    0x00000364   Section        0  main.o(.text)
    .text                                    0x000004c4   Section        0  led.o(.text)
    .text                                    0x00000848   Section        0  led7.o(.text)
    .text                                    0x00000ad0   Section        0  ssp.o(.text)
    initSSP1                                 0x00000ad0   ARM Code     196  ssp.o(.text)
    recSSP1                                  0x00000b94   ARM Code     184  ssp.o(.text)
    setSS1                                   0x00000c4c   ARM Code     216  ssp.o(.text)
    setSPI                                   0x00000d24   ARM Code      56  ssp.o(.text)
    initSPI                                  0x00000dd8   ARM Code     200  ssp.o(.text)
    recSPI                                   0x00000ea0   ARM Code     340  ssp.o(.text)
    initSSP0                                 0x00000ff4   ARM Code     128  ssp.o(.text)
    sendSSP0                                 0x00001074   ARM Code      48  ssp.o(.text)
    setSS0                                   0x000010a4   ARM Code      56  ssp.o(.text)
    .text                                    0x000010f8   Section        0  timer.o(.text)
    .text                                    0x000011b8   Section        0  irc.o(.text)
    .text                                    0x00001640   Section        0  softtimer.o(.text)
    .text                                    0x00001ab4   Section        0  data.o(.text)
    .text                                    0x000028f4   Section        0  i2c.o(.text)
    .text                                    0x0000296c   Section        0  hiduser.o(.text)
    .text                                    0x00002ae8   Section        0  usbcore.o(.text)
    .text                                    0x00003244   Section        0  usbhw.o(.text)
    .text                                    0x00003a58   Section        0  usbuser.o(.text)
    .text                                    0x00003b0c   Section      212  rt_memcpy.o(.text)
    .text                                    0x00003be0   Section       32  uread4.o(.text)
    .text                                    0x00003c00   Section       32  uwrite4.o(.text)
    .text                                    0x00003c20   Section      384  aeabi_sdiv.o(.text)
    __arm_div8                               0x00003c4c   ARM Code       0  aeabi_sdiv.o(.text)
    __arm_div5                               0x00003c70   ARM Code       0  aeabi_sdiv.o(.text)
    __arm_div2                               0x00003c94   ARM Code       0  aeabi_sdiv.o(.text)
    __arm_div_large                          0x00003cd0   ARM Code       0  aeabi_sdiv.o(.text)
    .text                                    0x00003da0   Section        0  heapauxi.o(.text)
    .text                                    0x00003da8   Section      100  rt_memcpy_w.o(.text)
    .text                                    0x00003e0c   Section       96  sys_stackheap_outer.o(.text)
    .text                                    0x00003e6c   Section        0  exit.o(.text)
    .text                                    0x00003e78   Section       12  libspace.o(.text)
    .text                                    0x00003e8c   Section        0  sys_exit.o(.text)
    .text                                    0x00003e98   Section       12  rt_fp_status_addr_intlibspace.o(.text)
    .text                                    0x00003ea4   Section        4  use_no_semi.o(.text)
    .text                                    0x00003ea8   Section        0  indicate_semi.o(.text)
    i.USB_ReqGetDescriptor                   0x00003ea8   Section        0  usbcore.o(i.USB_ReqGetDescriptor)
    i.USB_ReqGetStatus                       0x000040dc   Section        0  usbcore.o(i.USB_ReqGetStatus)
    i.USB_ReqSetClrFeature                   0x00004244   Section        0  usbcore.o(i.USB_ReqSetClrFeature)
    i.USB_ReqSetConfiguration                0x000043f8   Section        0  usbcore.o(i.USB_ReqSetConfiguration)
    i.USB_ReqSetInterface                    0x000046dc   Section        0  usbcore.o(i.USB_ReqSetInterface)
    x$fpl$dadd                               0x000048f0   Section      340  daddsub_noclz.o(x$fpl$dadd)
    _dadd1                                   0x00004900   ARM Code       0  daddsub_noclz.o(x$fpl$dadd)
    x$fpl$dcmpinf                            0x00004a44   Section       28  dcmpi.o(x$fpl$dcmpinf)
    x$fpl$ddiv                               0x00004a60   Section      736  ddiv.o(x$fpl$ddiv)
    ddiv_entry                               0x00004a68   ARM Code       0  ddiv.o(x$fpl$ddiv)
    x$fpl$dfix                               0x00004d40   Section      112  dfix.o(x$fpl$dfix)
    x$fpl$dflt                               0x00004db0   Section       88  dflt_noclz.o(x$fpl$dflt)
    x$fpl$dleqf                              0x00004e08   Section      148  dleqf.o(x$fpl$dleqf)
    x$fpl$dnaninf                            0x00004e9c   Section      192  dnaninf.o(x$fpl$dnaninf)
    x$fpl$dretinf                            0x00004f5c   Section       16  dretinf.o(x$fpl$dretinf)
    x$fpl$drleqf                             0x00004f6c   Section      140  drleqf.o(x$fpl$drleqf)
    x$fpl$dsub                               0x00004ff8   Section      580  daddsub_noclz.o(x$fpl$dsub)
    _dsub1                                   0x00005008   ARM Code       0  daddsub_noclz.o(x$fpl$dsub)
    x$fpl$f2d                                0x0000523c   Section      100  f2d.o(x$fpl$f2d)
    x$fpl$fdiv                               0x000052a0   Section      400  fdiv.o(x$fpl$fdiv)
    _fdiv1                                   0x000052a0   ARM Code       0  fdiv.o(x$fpl$fdiv)
    x$fpl$fflt                               0x00005430   Section       92  fflt_noclz.o(x$fpl$fflt)
    x$fpl$ffltu                              0x0000548c   Section        8  fflt_noclz.o(x$fpl$ffltu)
    x$fpl$fnaninf                            0x00005494   Section      168  fnaninf.o(x$fpl$fnaninf)
    x$fpl$fpinit                             0x00005540   Section       24  fpinit.o(x$fpl$fpinit)
    x$fpl$fretinf                            0x00005558   Section       16  fretinf.o(x$fpl$fretinf)
    .constdata                               0x00005568   Section       60  softtimer.o(.constdata)
    x$fpl$usenofp                            0x00005568   Section        0  usenofp.o(x$fpl$usenofp)
    MODE                                     0x00005568   Data          20  softtimer.o(.constdata)
    DI                                       0x0000557c   Data          40  softtimer.o(.constdata)
    .constdata                               0x000055a4   Section       20  data.o(.constdata)
    MODE                                     0x000055a4   Data          20  data.o(.constdata)
    .constdata                               0x000055b8   Section      189  usbdesc.o(.constdata)
    .constdata                               0x00005678   Section       64  usbuser.o(.constdata)
    .data                                    0x40000000   Section       12  led.o(.data)
    .data                                    0x4000000c   Section       12  led7.o(.data)
    .data                                    0x40000018   Section       36  ssp.o(.data)
    .data                                    0x4000003c   Section       16  timer.o(.data)
    .data                                    0x4000004c   Section       40  softtimer.o(.data)
    .data                                    0x40000074   Section       80  data.o(.data)
    leds                                     0x40000078   Data          12  data.o(.data)
    leds                                     0x40000084   Data          16  data.o(.data)
    noConnect7                               0x40000094   Data          16  data.o(.data)
    blink7                                   0x400000a4   Data          16  data.o(.data)
    blink                                    0x400000b4   Data          16  data.o(.data)
    .data                                    0x400000c4   Section        2  hiduser.o(.data)
    .data                                    0x400000c8   Section       36  usbcore.o(.data)
    .bss                                     0x400000ec   Section      127  main.o(.bss)
    .bss                                     0x4000016c   Section       44  led.o(.bss)
    .bss                                     0x40000198   Section      424  softtimer.o(.bss)
    .bss                                     0x40000340   Section       36  data.o(.bss)
    .bss                                     0x40000364   Section       20  i2c.o(.bss)
    .bss                                     0x40000378   Section       64  usbcore.o(.bss)
    .bss                                     0x400003b8   Section       96  libspace.o(.bss)
    HEAP                                     0x40000418   Section        0  lpc2300.o(HEAP)
    STACK                                    0x40000418   Section     1288  lpc2300.o(STACK)
    Heap_Mem                                 0x40000418   Data           0  lpc2300.o(HEAP)
    Stack_Mem                                0x40000418   Data        1024  lpc2300.o(STACK)
    Stack_Top                                0x40000920   Data           0  lpc2300.o(STACK)

    Global Symbols

    Symbol Name                              Value     Ov Type        Size  Object(Section)

    BuildAttributes$$THM_ISAv1$ARM_ISAv4$S$PE$A:L22$X:L11$S22$IEEE1$IW$USESV6$~STKCKD$USESV7$~SHL$OSPACE$ROPI$EBA8$UX$STANDARDLIB$REQ8$PRES8$EABIv2 0x00000000   Number         0  anon$$obj.o ABSOLUTE
    __ARM_use_no_argv                        0x00000000   Number         0  main.o ABSOLUTE
    __ARM_exceptions_init                     - Undefined Weak Reference
    __alloca_initialize                       - Undefined Weak Reference
    __cpp_initialize__aeabi_                  - Undefined Weak Reference
    __cxa_finalize                            - Undefined Weak Reference
    __rt_locale                               - Undefined Weak Reference
    __sigvec_lookup                           - Undefined Weak Reference
    _atexit_init                              - Undefined Weak Reference
    _call_atexit_fns                          - Undefined Weak Reference
    _clock_init                               - Undefined Weak Reference
    _fp_trap_init                             - Undefined Weak Reference
    _fp_trap_shutdown                         - Undefined Weak Reference
    _get_lc_collate                           - Undefined Weak Reference
    _get_lc_ctype                             - Undefined Weak Reference
    _get_lc_monetary                          - Undefined Weak Reference
    _get_lc_numeric                           - Undefined Weak Reference
    _get_lc_time                              - Undefined Weak Reference
    _getenv_init                              - Undefined Weak Reference
    _handle_redirection                       - Undefined Weak Reference
    _init_alloc                               - Undefined Weak Reference
    _init_user_alloc                          - Undefined Weak Reference
    _initio                                   - Undefined Weak Reference
    _rand_init                                - Undefined Weak Reference
    _signal_finish                            - Undefined Weak Reference
    _signal_init                              - Undefined Weak Reference
    _terminate_alloc                          - Undefined Weak Reference
    _terminate_user_alloc                     - Undefined Weak Reference
    _terminateio                              - Undefined Weak Reference
    Reset_Handler                            0x00000058   ARM Code       0  lpc2300.o(RESET)
    __main                                   0x00000234   ARM Code       8  __main.o(!!!main)
    __scatterload                            0x0000023c   ARM Code       0  __scatter.o(!!!scatter)
    __scatterload_rt2                        0x0000023c   ARM Code      52  __scatter.o(!!!scatter)
    __scatterload_null                       0x00000250   ARM Code       0  __scatter.o(!!!scatter)
    __scatterload_copy                       0x00000278   ARM Code      40  __scatter_copy.o(!!handler_copy)
    __scatterload_zeroinit                   0x000002a0   ARM Code      44  __scatter_zi.o(!!handler_zi)
    Inline ARM to Thumb Veneer to __rt_lib_init 0x000002cc   ARM Code       8  libinit.o(.ARM.Collect$$libinit$$00000000)
    __rt_lib_init                            0x000002d5   Thumb Code     0  libinit.o(.ARM.Collect$$libinit$$00000000)
    __rt_lib_init_alloca_1                   0x000002db   Thumb Code     0  libinit2.o(.ARM.Collect$$libinit$$0000002A)
    __rt_lib_init_argv_1                     0x000002db   Thumb Code     0  libinit2.o(.ARM.Collect$$libinit$$00000028)
    __rt_lib_init_atexit_1                   0x000002db   Thumb Code     0  libinit2.o(.ARM.Collect$$libinit$$00000017)
    __rt_lib_init_clock_1                    0x000002db   Thumb Code     0  libinit2.o(.ARM.Collect$$libinit$$0000001D)
    __rt_lib_init_cpp_1                      0x000002db   Thumb Code     0  libinit2.o(.ARM.Collect$$libinit$$0000002E)
    __rt_lib_init_exceptions_1               0x000002db   Thumb Code     0  libinit2.o(.ARM.Collect$$libinit$$0000002C)
    __rt_lib_init_fp_trap_1                  0x000002db   Thumb Code     0  libinit2.o(.ARM.Collect$$libinit$$0000001B)
    __rt_lib_init_getenv_1                   0x000002db   Thumb Code     0  libinit2.o(.ARM.Collect$$libinit$$0000001F)
    __rt_lib_init_heap_1                     0x000002db   Thumb Code     0  libinit2.o(.ARM.Collect$$libinit$$00000006)
    __rt_lib_init_lc_collate_1               0x000002db   Thumb Code     0  libinit2.o(.ARM.Collect$$libinit$$0000000D)
    __rt_lib_init_lc_ctype_1                 0x000002db   Thumb Code     0  libinit2.o(.ARM.Collect$$libinit$$0000000F)
    __rt_lib_init_lc_monetary_1              0x000002db   Thumb Code     0  libinit2.o(.ARM.Collect$$libinit$$00000011)
    __rt_lib_init_lc_numeric_1               0x000002db   Thumb Code     0  libinit2.o(.ARM.Collect$$libinit$$00000013)
    __rt_lib_init_lc_time_1                  0x000002db   Thumb Code     0  libinit2.o(.ARM.Collect$$libinit$$00000015)
    __rt_lib_init_rand_1                     0x000002db   Thumb Code     0  libinit2.o(.ARM.Collect$$libinit$$0000000A)
    __rt_lib_init_return                     0x000002db   Thumb Code     0  libinit2.o(.ARM.Collect$$libinit$$0000002F)
    __rt_lib_init_signal_1                   0x000002db   Thumb Code     0  libinit2.o(.ARM.Collect$$libinit$$00000019)
    __rt_lib_init_stdio_1                    0x000002db   Thumb Code     0  libinit2.o(.ARM.Collect$$libinit$$00000021)
    __rt_lib_init_user_alloc_1               0x000002db   Thumb Code     0  libinit2.o(.ARM.Collect$$libinit$$00000008)
    Inline ARM to Thumb Veneer to __rt_lib_shutdown 0x000002e8   ARM Code       8  libshutdown.o(.ARM.Collect$$libshutdown$$00000000)
    __rt_lib_shutdown                        0x000002f1   Thumb Code     0  libshutdown.o(.ARM.Collect$$libshutdown$$00000000)
    __rt_lib_shutdown_fp_trap_1              0x000002f5   Thumb Code     0  libshutdown2.o(.ARM.Collect$$libshutdown$$00000006)
    __rt_lib_shutdown_heap_1                 0x000002f5   Thumb Code     0  libshutdown2.o(.ARM.Collect$$libshutdown$$0000000E)
    __rt_lib_shutdown_return                 0x000002f5   Thumb Code     0  libshutdown2.o(.ARM.Collect$$libshutdown$$0000000F)
    __rt_lib_shutdown_signal_1               0x000002f5   Thumb Code     0  libshutdown2.o(.ARM.Collect$$libshutdown$$00000009)
    __rt_lib_shutdown_stdio_1                0x000002f5   Thumb Code     0  libshutdown2.o(.ARM.Collect$$libshutdown$$00000003)
    __rt_lib_shutdown_user_alloc_1           0x000002f5   Thumb Code     0  libshutdown2.o(.ARM.Collect$$libshutdown$$0000000B)
    __rt_entry                               0x000002fc   ARM Code       0  rtentry.o(.ARM.Collect$$rtentry$$00000000)
    __rt_entry_presh_1                       0x000002fc   ARM Code       0  rtentry2.o(.ARM.Collect$$rtentry$$00000002)
    __rt_entry_sh                            0x000002fc   ARM Code       0  rtentry4.o(.ARM.Collect$$rtentry$$00000004)
    __rt_entry_li                            0x00000304   ARM Code       0  rtentry2.o(.ARM.Collect$$rtentry$$0000000A)
    __rt_entry_postsh_1                      0x00000304   ARM Code       0  rtentry2.o(.ARM.Collect$$rtentry$$00000009)
    __rt_entry_main                          0x00000308   ARM Code       0  rtentry2.o(.ARM.Collect$$rtentry$$0000000D)
    __rt_entry_postli_1                      0x00000308   ARM Code       0  rtentry2.o(.ARM.Collect$$rtentry$$0000000C)
    Inline Thumb to ARM Veneer to __rt_exit  0x00000331   Thumb Code     4  rtexit.o(.ARM.Collect$$rtexit$$00000000)
    __rt_exit                                0x00000334   ARM Code       0  rtexit.o(.ARM.Collect$$rtexit$$00000000)
    __rt_exit_ls                             0x00000338   ARM Code       0  rtexit2.o(.ARM.Collect$$rtexit$$00000003)
    __rt_exit_prels_1                        0x00000338   ARM Code       0  rtexit2.o(.ARM.Collect$$rtexit$$00000002)
    __rt_exit_exit                           0x0000033c   ARM Code       0  rtexit2.o(.ARM.Collect$$rtexit$$00000004)
    __user_initial_stackheap                 0x00000344   ARM Code       0  lpc2300.o(.text)
    GetInReport                              0x00000364   ARM Code      52  main.o(.text)
    SetOutReport                             0x00000398   ARM Code     160  main.o(.text)
    main                                     0x00000438   ARM Code     116  main.o(.text)
    resetLed                                 0x000004c4   ARM Code      44  led.o(.text)
    initLed                                  0x000004f0   ARM Code     124  led.o(.text)
    setLed                                   0x0000056c   ARM Code     724  led.o(.text)
    initLed7                                 0x00000848   ARM Code     112  led7.o(.text)
    resetLed7                                0x000008b8   ARM Code      28  led7.o(.text)
    setNumLed7                               0x000008d4   ARM Code     496  led7.o(.text)
    configureMAX31865                        0x00000d5c   ARM Code     124  ssp.o(.text)
    initTimer0                               0x000010f8   ARM Code      60  timer.o(.text)
    startTimer0                              0x00001134   ARM Code      48  timer.o(.text)
    initWDTimer                              0x00001164   ARM Code      48  timer.o(.text)
    startWDTimer                             0x00001194   ARM Code      24  timer.o(.text)
    Timer0_Int                               0x000011b8   ARM Code     480  irc.o(.text)
    WDTimer_Int                              0x00001398   ARM Code      52  irc.o(.text)
    I2C_Int                                  0x000013cc   ARM Code     532  irc.o(.text)
    initVIC                                  0x000015e0   ARM Code      52  irc.o(.text)
    BlinkLed                                 0x00001640   ARM Code     144  softtimer.o(.text)
    portCommand                              0x000016d0   ARM Code     276  softtimer.o(.text)
    initSoftTimers                           0x000017e4   ARM Code     244  softtimer.o(.text)
    startTHdTimer                            0x000018d8   ARM Code      40  softtimer.o(.text)
    recSSP1OnTimer                           0x00001900   ARM Code     244  softtimer.o(.text)
    recSPIOnTimer                            0x000019f4   ARM Code     144  softtimer.o(.text)
    initMode                                 0x00001ab4   ARM Code      44  data.o(.text)
    defaultData                              0x00001ae0   ARM Code     168  data.o(.text)
    getDec                                   0x00001b88   ARM Code     120  data.o(.text)
    setTemperature                           0x00001c00   ARM Code      48  data.o(.text)
    setMode                                  0x00001c30   ARM Code      72  data.o(.text)
    sendAlarm                                0x00001c78   ARM Code     136  data.o(.text)
    getAssayTemperature                      0x00001d00   ARM Code     204  data.o(.text)
    getAssayChanel                           0x00001dcc   ARM Code     356  data.o(.text)
    testSC                                   0x00001f30   ARM Code     148  data.o(.text)
    testChanel                               0x00001fc4   ARM Code     208  data.o(.text)
    initGPIO                                 0x00002094   ARM Code     360  data.o(.text)
    disableAlarm                             0x000021fc   ARM Code     524  data.o(.text)
    upThreshold                              0x00002408   ARM Code      88  data.o(.text)
    forcedTestChanel                         0x00002460   ARM Code      76  data.o(.text)
    getDecTMZ                                0x000024ac   ARM Code      76  data.o(.text)
    testBreakTMZ                             0x000024f8   ARM Code      28  data.o(.text)
    testTMZChanel                            0x00002514   ARM Code     164  data.o(.text)
    setConfigureDS1631                       0x000025b8   ARM Code     280  data.o(.text)
    getConfigureDS1631                       0x000026d0   ARM Code     452  data.o(.text)
    initI2C                                  0x000028f4   ARM Code      92  i2c.o(.text)
    startI2C                                 0x00002950   ARM Code      20  i2c.o(.text)
    HID_GetReport                            0x0000296c   ARM Code     108  hiduser.o(.text)
    HID_SetReport                            0x000029d8   ARM Code     132  hiduser.o(.text)
    HID_GetIdle                              0x00002a5c   ARM Code      32  hiduser.o(.text)
    HID_SetIdle                              0x00002a7c   ARM Code      32  hiduser.o(.text)
    HID_GetProtocol                          0x00002a9c   ARM Code      24  hiduser.o(.text)
    HID_SetProtocol                          0x00002ab4   ARM Code      24  hiduser.o(.text)
    USB_ResetCore                            0x00002ae8   ARM Code      64  usbcore.o(.text)
    USB_SetupStage                           0x00002b28   ARM Code      24  usbcore.o(.text)
    USB_DataInStage                          0x00002b40   ARM Code     104  usbcore.o(.text)
    USB_DataOutStage                         0x00002ba8   ARM Code      68  usbcore.o(.text)
    USB_StatusInStage                        0x00002bec   ARM Code      28  usbcore.o(.text)
    USB_StatusOutStage                       0x00002c08   ARM Code      24  usbcore.o(.text)
    USB_EndPoint0                            0x00002c20   ARM Code    1524  usbcore.o(.text)
    EPAdr                                    0x00003244   ARM Code      28  usbhw.o(.text)
    WrCmd                                    0x00003260   ARM Code      44  usbhw.o(.text)
    WrCmdDat                                 0x0000328c   ARM Code      84  usbhw.o(.text)
    WrCmdEP                                  0x000032e0   ARM Code     116  usbhw.o(.text)
    RdCmdDat                                 0x00003354   ARM Code      56  usbhw.o(.text)
    USB_SetAddress                           0x0000338c   ARM Code      56  usbhw.o(.text)
    USB_Reset                                0x000033c4   ARM Code      88  usbhw.o(.text)
    USB_Resume                               0x0000341c   ARM Code       4  usbhw.o(.text)
    USB_Suspend                              0x00003420   ARM Code       4  usbhw.o(.text)
    USB_ISR                                  0x00003424   ARM Code     396  usbhw.o(.text)
    USB_Init                                 0x000035b0   ARM Code     228  usbhw.o(.text)
    USB_Connect                              0x00003694   ARM Code      52  usbhw.o(.text)
    USB_WakeUp                               0x000036c8   ARM Code      40  usbhw.o(.text)
    USB_WakeUpCfg                            0x000036f0   ARM Code       4  usbhw.o(.text)
    USB_Configure                            0x000036f4   ARM Code      96  usbhw.o(.text)
    USB_ConfigEP                             0x00003754   ARM Code     112  usbhw.o(.text)
    USB_DirCtrlEP                            0x000037c4   ARM Code       4  usbhw.o(.text)
    USB_EnableEP                             0x000037c8   ARM Code      44  usbhw.o(.text)
    USB_DisableEP                            0x000037f4   ARM Code      44  usbhw.o(.text)
    USB_ResetEP                              0x00003820   ARM Code      44  usbhw.o(.text)
    USB_SetStallEP                           0x0000384c   ARM Code      44  usbhw.o(.text)
    USB_ClrStallEP                           0x00003878   ARM Code      44  usbhw.o(.text)
    USB_ClearEPBuf                           0x000038a4   ARM Code      28  usbhw.o(.text)
    USB_ReadEP                               0x000038c0   ARM Code     156  usbhw.o(.text)
    USB_WriteEP                              0x0000395c   ARM Code     124  usbhw.o(.text)
    USB_GetFrame                             0x000039d8   ARM Code      48  usbhw.o(.text)
    USB_Reset_Event                          0x00003a58   ARM Code      16  usbuser.o(.text)
    USB_Configure_Event                      0x00003a68   ARM Code      48  usbuser.o(.text)
    USB_EndPoint1                            0x00003a98   ARM Code      52  usbuser.o(.text)
    USB_EndPoint2                            0x00003acc   ARM Code       4  usbuser.o(.text)
    USB_EndPoint3                            0x00003ad0   ARM Code       4  usbuser.o(.text)
    USB_EndPoint4                            0x00003ad4   ARM Code       4  usbuser.o(.text)
    USB_EndPoint5                            0x00003ad8   ARM Code       4  usbuser.o(.text)
    USB_EndPoint6                            0x00003adc   ARM Code       4  usbuser.o(.text)
    USB_EndPoint7                            0x00003ae0   ARM Code       4  usbuser.o(.text)
    USB_EndPoint8                            0x00003ae4   ARM Code       4  usbuser.o(.text)
    USB_EndPoint9                            0x00003ae8   ARM Code       4  usbuser.o(.text)
    USB_EndPoint10                           0x00003aec   ARM Code       4  usbuser.o(.text)
    USB_EndPoint11                           0x00003af0   ARM Code       4  usbuser.o(.text)
    USB_EndPoint12                           0x00003af4   ARM Code       4  usbuser.o(.text)
    USB_EndPoint13                           0x00003af8   ARM Code       4  usbuser.o(.text)
    USB_EndPoint14                           0x00003afc   ARM Code       4  usbuser.o(.text)
    USB_EndPoint15                           0x00003b00   ARM Code       4  usbuser.o(.text)
    __aeabi_memcpy                           0x00003b0c   ARM Code       0  rt_memcpy.o(.text)
    __rt_memcpy                              0x00003b0c   ARM Code     212  rt_memcpy.o(.text)
    _memcpy_lastbytes                        0x00003bc0   ARM Code       0  rt_memcpy.o(.text)
    __aeabi_uread4                           0x00003be0   ARM Code       0  uread4.o(.text)
    __rt_uread4                              0x00003be0   ARM Code      32  uread4.o(.text)
    __aeabi_uwrite4                          0x00003c00   ARM Code       0  uwrite4.o(.text)
    __rt_uwrite4                             0x00003c00   ARM Code      32  uwrite4.o(.text)
    __aeabi_idiv                             0x00003c20   ARM Code       0  aeabi_sdiv.o(.text)
    __aeabi_idivmod                          0x00003c20   ARM Code     384  aeabi_sdiv.o(.text)
    __use_two_region_memory                  0x00003da1   Thumb Code     2  heapauxi.o(.text)
    __rt_heap_escrow$2region                 0x00003da3   Thumb Code     2  heapauxi.o(.text)
    __rt_heap_expand$2region                 0x00003da5   Thumb Code     2  heapauxi.o(.text)
    __aeabi_memcpy4                          0x00003da8   ARM Code       0  rt_memcpy_w.o(.text)
    __aeabi_memcpy8                          0x00003da8   ARM Code       0  rt_memcpy_w.o(.text)
    __rt_memcpy_w                            0x00003da8   ARM Code     100  rt_memcpy_w.o(.text)
    _memcpy_lastbytes_aligned                0x00003df4   ARM Code       0  rt_memcpy_w.o(.text)
    __user_setup_stackheap                   0x00003e0c   ARM Code      96  sys_stackheap_outer.o(.text)
    exit                                     0x00003e6d   Thumb Code    12  exit.o(.text)
    __user_libspace                          0x00003e78   ARM Code      12  libspace.o(.text)
    __user_perproc_libspace                  0x00003e78   ARM Code       0  libspace.o(.text)
    __user_perthread_libspace                0x00003e78   ARM Code       0  libspace.o(.text)
    Inline ARM to Thumb Veneer to _sys_exit  0x00003e84   ARM Code       8  sys_exit.o(.text)
    _sys_exit                                0x00003e8d   Thumb Code     8  sys_exit.o(.text)
    __rt_fp_status_addr                      0x00003e98   ARM Code      12  rt_fp_status_addr_intlibspace.o(.text)
    __I$use$semihosting                      0x00003ea4   ARM Code       0  use_no_semi.o(.text)
    __use_no_semihosting_swi                 0x00003ea4   ARM Code       4  use_no_semi.o(.text)
    USB_ReqGetDescriptor                     0x00003ea8   ARM Code     532  usbcore.o(i.USB_ReqGetDescriptor)
    __semihosting_library_function           0x00003ea8   ARM Code       0  indicate_semi.o(.text)
    USB_ReqGetStatus                         0x000040dc   ARM Code     328  usbcore.o(i.USB_ReqGetStatus)
    USB_ReqSetClrFeature                     0x00004244   ARM Code     412  usbcore.o(i.USB_ReqSetClrFeature)
    USB_ReqSetConfiguration                  0x000043f8   ARM Code     700  usbcore.o(i.USB_ReqSetConfiguration)
    USB_ReqSetInterface                      0x000046dc   ARM Code     508  usbcore.o(i.USB_ReqSetInterface)
    __aeabi_dadd                             0x000048f0   ARM Code       0  daddsub_noclz.o(x$fpl$dadd)
    _dadd                                    0x000048f0   ARM Code     336  daddsub_noclz.o(x$fpl$dadd)
    __fpl_dcmp_Inf                           0x00004a44   ARM Code      28  dcmpi.o(x$fpl$dcmpinf)
    __aeabi_ddiv                             0x00004a60   ARM Code       0  ddiv.o(x$fpl$ddiv)
    _ddiv                                    0x00004a60   ARM Code     600  ddiv.o(x$fpl$ddiv)
    __aeabi_d2iz                             0x00004d40   ARM Code       0  dfix.o(x$fpl$dfix)
    _dfix                                    0x00004d40   ARM Code     112  dfix.o(x$fpl$dfix)
    __aeabi_i2d                              0x00004db0   ARM Code       0  dflt_noclz.o(x$fpl$dflt)
    _dflt                                    0x00004db0   ARM Code      88  dflt_noclz.o(x$fpl$dflt)
    __dflt_normalise                         0x00004dc0   ARM Code       0  dflt_noclz.o(x$fpl$dflt)
    __aeabi_cdcmple                          0x00004e08   ARM Code       0  dleqf.o(x$fpl$dleqf)
    _dcmple                                  0x00004e08   ARM Code     148  dleqf.o(x$fpl$dleqf)
    __fpl_dcmple_InfNaN                      0x00004e84   ARM Code       0  dleqf.o(x$fpl$dleqf)
    __fpl_dnaninf                            0x00004e9c   ARM Code     192  dnaninf.o(x$fpl$dnaninf)
    __fpl_dretinf                            0x00004f5c   ARM Code      16  dretinf.o(x$fpl$dretinf)
    __aeabi_cdrcmple                         0x00004f6c   ARM Code       0  drleqf.o(x$fpl$drleqf)
    _drcmple                                 0x00004f6c   ARM Code     140  drleqf.o(x$fpl$drleqf)
    __aeabi_dsub                             0x00004ff8   ARM Code       0  daddsub_noclz.o(x$fpl$dsub)
    _dsub                                    0x00004ff8   ARM Code     576  daddsub_noclz.o(x$fpl$dsub)
    __aeabi_f2d                              0x0000523c   ARM Code       0  f2d.o(x$fpl$f2d)
    _f2d                                     0x0000523c   ARM Code     100  f2d.o(x$fpl$f2d)
    __aeabi_fdiv                             0x000052a0   ARM Code       0  fdiv.o(x$fpl$fdiv)
    _fdiv                                    0x000052a0   ARM Code     396  fdiv.o(x$fpl$fdiv)
    __aeabi_i2f                              0x00005430   ARM Code       0  fflt_noclz.o(x$fpl$fflt)
    _fflt                                    0x00005430   ARM Code      92  fflt_noclz.o(x$fpl$fflt)
    __fflt_normalise                         0x0000543c   ARM Code       0  fflt_noclz.o(x$fpl$fflt)
    __aeabi_ui2f                             0x0000548c   ARM Code       0  fflt_noclz.o(x$fpl$ffltu)
    _ffltu                                   0x0000548c   ARM Code       8  fflt_noclz.o(x$fpl$ffltu)
    __fpl_fnaninf                            0x00005494   ARM Code     168  fnaninf.o(x$fpl$fnaninf)
    Inline Thumb to ARM Veneer to _fp_init   0x0000553d   Thumb Code     4  fpinit.o(x$fpl$fpinit)
    _fp_init                                 0x00005540   ARM Code      24  fpinit.o(x$fpl$fpinit)
    __fplib_config_pureend_doubles           0x00005550   ARM Code       0  fpinit.o(x$fpl$fpinit)
    __fpl_fretinf                            0x00005558   ARM Code      16  fretinf.o(x$fpl$fretinf)
    __I$use$fp                               0x00005568   ARM Code       0  usenofp.o(x$fpl$usenofp)
    HID_ReportDescriptor                     0x000055b8   Data          33  usbdesc.o(.constdata)
    HID_ReportDescSize                       0x000055da   Data           2  usbdesc.o(.constdata)
    USB_DeviceDescriptor                     0x000055dc   Data          18  usbdesc.o(.constdata)
    USB_ConfigDescriptor                     0x000055ee   Data          35  usbdesc.o(.constdata)
    USB_StringDescriptor                     0x00005611   Data         100  usbdesc.o(.constdata)
    USB_P_EP                                 0x00005678   Data          64  usbuser.o(.constdata)
    Region$$Table$$Base                      0x000056b8   Number         0  anon$$obj.o(Region$$Table)
    Region$$Table$$Limit                     0x000056d8   Number         0  anon$$obj.o(Region$$Table)
    led                                      0x40000000   Data          12  led.o(.data)
    led7                                     0x4000000c   Data          12  led7.o(.data)
    SSP                                      0x40000018   Data          36  ssp.o(.data)
    timer                                    0x4000003c   Data          16  timer.o(.data)
    ssp1Timer                                0x4000004c   Data          20  softtimer.o(.data)
    spiTimer                                 0x40000060   Data          20  softtimer.o(.data)
    pr_data                                  0x40000074   Data           4  data.o(.data)
    HID_Protocol                             0x400000c4   Data           1  hiduser.o(.data)
    HID_IdleTime                             0x400000c5   Data           1  hiduser.o(.data)
    USB_DeviceStatus                         0x400000c8   Data           2  usbcore.o(.data)
    USB_DeviceAddress                        0x400000ca   Data           1  usbcore.o(.data)
    USB_Configuration                        0x400000cb   Data           1  usbcore.o(.data)
    USB_EndPointMask                         0x400000cc   Data           4  usbcore.o(.data)
    USB_EndPointHalt                         0x400000d0   Data           4  usbcore.o(.data)
    USB_EndPointStall                        0x400000d4   Data           4  usbcore.o(.data)
    USB_NumInterfaces                        0x400000d8   Data           1  usbcore.o(.data)
    USB_AltSetting                           0x400000d9   Data           1  usbcore.o(.data)
    EP0Data                                  0x400000dc   Data           8  usbcore.o(.data)
    SetupPacket                              0x400000e4   Data           8  usbcore.o(.data)
    InReport                                 0x400000ec   Data          64  main.o(.bss)
    OutReport                                0x4000012c   Data          63  main.o(.bss)
    ledsBlink                                0x4000016c   Data          44  led.o(.bss)
    readPortTimer                            0x40000198   Data         320  softtimer.o(.bss)
    blinkLedTimer                            0x400002d8   Data          56  softtimer.o(.bss)
    THdTimer                                 0x40000310   Data          48  softtimer.o(.bss)
    data                                     0x40000340   Data          36  data.o(.bss)
    dataDS1631                               0x40000364   Data          20  i2c.o(.bss)
    EP0Buf                                   0x40000378   Data          64  usbcore.o(.bss)
    __libspace_start                         0x400003b8   Data          96  libspace.o(.bss)
    __temporary_stack_top$libspace           0x40000418   Data           0  libspace.o(.bss)



==============================================================================

Memory Map of the image

  Image Entry point : 0x00000234

  Load Region LR_IROM1 (Base: 0x00000000, Size: 0x000057c4, Max: 0x00080000, ABSOLUTE)

    Execution Region ER_IROM1 (Base: 0x00000000, Size: 0x000056d8, Max: 0x00080000, ABSOLUTE)

    Base Addr    Size         Type   Attr      Idx    E Section Name        Object

    0x00000000   0x00000234   Code   RO            3    RESET               lpc2300.o
    0x00000234   0x00000008   Code   RO          433  * !!!main             c_t.l(__main.o)
    0x0000023c   0x0000003c   Code   RO          647    !!!scatter          c_t.l(__scatter.o)
    0x00000278   0x00000028   Code   RO          649    !!handler_copy      c_t.l(__scatter_copy.o)
    0x000002a0   0x0000002c   Code   RO          651    !!handler_zi        c_t.l(__scatter_zi.o)
    0x000002cc   0x00000008   Ven    RO          515    .ARM.Collect$$libinit$$00000000  c_t.l(libinit.o)
    0x000002d4   0x00000006   Code   RO          515    .ARM.Collect$$libinit$$00000000  c_t.l(libinit.o)
    0x000002da   0x00000000   Code   RO          529    .ARM.Collect$$libinit$$00000006  c_t.l(libinit2.o)
    0x000002da   0x00000000   Code   RO          531    .ARM.Collect$$libinit$$00000008  c_t.l(libinit2.o)
    0x000002da   0x00000000   Code   RO          533    .ARM.Collect$$libinit$$0000000A  c_t.l(libinit2.o)
    0x000002da   0x00000000   Code   RO          536    .ARM.Collect$$libinit$$0000000D  c_t.l(libinit2.o)
    0x000002da   0x00000000   Code   RO          538    .ARM.Collect$$libinit$$0000000F  c_t.l(libinit2.o)
    0x000002da   0x00000000   Code   RO          540    .ARM.Collect$$libinit$$00000011  c_t.l(libinit2.o)
    0x000002da   0x00000000   Code   RO          542    .ARM.Collect$$libinit$$00000013  c_t.l(libinit2.o)
    0x000002da   0x00000000   Code   RO          544    .ARM.Collect$$libinit$$00000015  c_t.l(libinit2.o)
    0x000002da   0x00000000   Code   RO          546    .ARM.Collect$$libinit$$00000017  c_t.l(libinit2.o)
    0x000002da   0x00000000   Code   RO          548    .ARM.Collect$$libinit$$00000019  c_t.l(libinit2.o)
    0x000002da   0x00000000   Code   RO          550    .ARM.Collect$$libinit$$0000001B  c_t.l(libinit2.o)
    0x000002da   0x00000000   Code   RO          552    .ARM.Collect$$libinit$$0000001D  c_t.l(libinit2.o)
    0x000002da   0x00000000   Code   RO          554    .ARM.Collect$$libinit$$0000001F  c_t.l(libinit2.o)
    0x000002da   0x00000000   Code   RO          556    .ARM.Collect$$libinit$$00000021  c_t.l(libinit2.o)
    0x000002da   0x00000000   Code   RO          560    .ARM.Collect$$libinit$$00000028  c_t.l(libinit2.o)
    0x000002da   0x00000000   Code   RO          562    .ARM.Collect$$libinit$$0000002A  c_t.l(libinit2.o)
    0x000002da   0x00000000   Code   RO          564    .ARM.Collect$$libinit$$0000002C  c_t.l(libinit2.o)
    0x000002da   0x00000000   Code   RO          566    .ARM.Collect$$libinit$$0000002E  c_t.l(libinit2.o)
    0x000002da   0x0000000c   Code   RO          567    .ARM.Collect$$libinit$$0000002F  c_t.l(libinit2.o)
    0x000002e6   0x00000002   PAD
    0x000002e8   0x00000008   Ven    RO          605    .ARM.Collect$$libshutdown$$00000000  c_t.l(libshutdown.o)
    0x000002f0   0x00000004   Code   RO          605    .ARM.Collect$$libshutdown$$00000000  c_t.l(libshutdown.o)
    0x000002f4   0x00000000   Code   RO          632    .ARM.Collect$$libshutdown$$00000003  c_t.l(libshutdown2.o)
    0x000002f4   0x00000000   Code   RO          635    .ARM.Collect$$libshutdown$$00000006  c_t.l(libshutdown2.o)
    0x000002f4   0x00000000   Code   RO          638    .ARM.Collect$$libshutdown$$00000009  c_t.l(libshutdown2.o)
    0x000002f4   0x00000000   Code   RO          640    .ARM.Collect$$libshutdown$$0000000B  c_t.l(libshutdown2.o)
    0x000002f4   0x00000000   Code   RO          643    .ARM.Collect$$libshutdown$$0000000E  c_t.l(libshutdown2.o)
    0x000002f4   0x00000006   Code   RO          644    .ARM.Collect$$libshutdown$$0000000F  c_t.l(libshutdown2.o)
    0x000002fa   0x00000002   PAD
    0x000002fc   0x00000000   Code   RO          465    .ARM.Collect$$rtentry$$00000000  c_t.l(rtentry.o)
    0x000002fc   0x00000000   Code   RO          484    .ARM.Collect$$rtentry$$00000002  c_t.l(rtentry2.o)
    0x000002fc   0x00000008   Code   RO          496    .ARM.Collect$$rtentry$$00000004  c_t.l(rtentry4.o)
    0x00000304   0x00000000   Code   RO          486    .ARM.Collect$$rtentry$$00000009  c_t.l(rtentry2.o)
    0x00000304   0x00000004   Code   RO          487    .ARM.Collect$$rtentry$$0000000A  c_t.l(rtentry2.o)
    0x00000308   0x00000000   Code   RO          489    .ARM.Collect$$rtentry$$0000000C  c_t.l(rtentry2.o)
    0x00000308   0x00000028   Code   RO          490    .ARM.Collect$$rtentry$$0000000D  c_t.l(rtentry2.o)
    0x00000330   0x00000004   Ven    RO          519    .ARM.Collect$$rtexit$$00000000  c_t.l(rtexit.o)
    0x00000334   0x00000004   Code   RO          519    .ARM.Collect$$rtexit$$00000000  c_t.l(rtexit.o)
    0x00000338   0x00000000   Code   RO          573    .ARM.Collect$$rtexit$$00000002  c_t.l(rtexit2.o)
    0x00000338   0x00000004   Code   RO          574    .ARM.Collect$$rtexit$$00000003  c_t.l(rtexit2.o)
    0x0000033c   0x00000008   Code   RO          575    .ARM.Collect$$rtexit$$00000004  c_t.l(rtexit2.o)
    0x00000344   0x00000020   Code   RO            4    .text               lpc2300.o
    0x00000364   0x00000160   Code   RO           11    .text               main.o
    0x000004c4   0x00000384   Code   RO           96    .text               led.o
    0x00000848   0x00000288   Code   RO          116    .text               led7.o
    0x00000ad0   0x00000628   Code   RO          135    .text               ssp.o
    0x000010f8   0x000000c0   Code   RO          154    .text               timer.o
    0x000011b8   0x00000488   Code   RO          173    .text               irc.o
    0x00001640   0x00000474   Code   RO          187    .text               softtimer.o
    0x00001ab4   0x00000e40   Code   RO          207    .text               data.o
    0x000028f4   0x00000078   Code   RO          227    .text               i2c.o
    0x0000296c   0x0000017c   Code   RO          246    .text               hiduser.o
    0x00002ae8   0x0000075c   Code   RO          284    .text               usbcore.o
    0x00003244   0x00000814   Code   RO          371    .text               usbhw.o
    0x00003a58   0x000000b4   Code   RO          389    .text               usbuser.o
    0x00003b0c   0x000000d4   Code   RO          409    .text               c_t.l(rt_memcpy.o)
    0x00003be0   0x00000020   Code   RO          411    .text               c_t.l(uread4.o)
    0x00003c00   0x00000020   Code   RO          413    .text               c_t.l(uwrite4.o)
    0x00003c20   0x00000180   Code   RO          415    .text               c_t.l(aeabi_sdiv.o)
    0x00003da0   0x00000006   Code   RO          431    .text               c_t.l(heapauxi.o)
    0x00003da6   0x00000002   PAD
    0x00003da8   0x00000064   Code   RO          470    .text               c_t.l(rt_memcpy_w.o)
    0x00003e0c   0x00000060   Code   RO          502    .text               c_t.l(sys_stackheap_outer.o)
    0x00003e6c   0x0000000c   Code   RO          504    .text               c_t.l(exit.o)
    0x00003e78   0x0000000c   Code   RO          516    .text               c_t.l(libspace.o)
    0x00003e84   0x00000008   Ven    RO          570    .text               c_t.l(sys_exit.o)
    0x00003e8c   0x0000000c   Code   RO          570    .text               c_t.l(sys_exit.o)
    0x00003e98   0x0000000c   Code   RO          582    .text               c_t.l(rt_fp_status_addr_intlibspace.o)
    0x00003ea4   0x00000004   Code   RO          594    .text               c_t.l(use_no_semi.o)
    0x00003ea8   0x00000000   Code   RO          596    .text               c_t.l(indicate_semi.o)
    0x00003ea8   0x00000234   Code   RO          303    i.USB_ReqGetDescriptor  usbcore.o
    0x000040dc   0x00000168   Code   RO          321    i.USB_ReqGetStatus  usbcore.o
    0x00004244   0x000001b4   Code   RO          297    i.USB_ReqSetClrFeature  usbcore.o
    0x000043f8   0x000002e4   Code   RO          309    i.USB_ReqSetConfiguration  usbcore.o
    0x000046dc   0x00000214   Code   RO          315    i.USB_ReqSetInterface  usbcore.o
    0x000048f0   0x00000154   Code   RO          435    x$fpl$dadd          fz_ts.l(daddsub_noclz.o)
    0x00004a44   0x0000001c   Code   RO          500    x$fpl$dcmpinf       fz_ts.l(dcmpi.o)
    0x00004a60   0x000002e0   Code   RO          442    x$fpl$ddiv          fz_ts.l(ddiv.o)
    0x00004d40   0x00000070   Code   RO          445    x$fpl$dfix          fz_ts.l(dfix.o)
    0x00004db0   0x00000058   Code   RO          450    x$fpl$dflt          fz_ts.l(dflt_noclz.o)
    0x00004e08   0x00000094   Code   RO          472    x$fpl$dleqf         fz_ts.l(dleqf.o)
    0x00004e9c   0x000000c0   Code   RO          474    x$fpl$dnaninf       fz_ts.l(dnaninf.o)
    0x00004f5c   0x00000010   Code   RO          476    x$fpl$dretinf       fz_ts.l(dretinf.o)
    0x00004f6c   0x0000008c   Code   RO          453    x$fpl$drleqf        fz_ts.l(drleqf.o)
    0x00004ff8   0x00000244   Code   RO          437    x$fpl$dsub          fz_ts.l(daddsub_noclz.o)
    0x0000523c   0x00000064   Code   RO          455    x$fpl$f2d           fz_ts.l(f2d.o)
    0x000052a0   0x00000190   Code   RO          458    x$fpl$fdiv          fz_ts.l(fdiv.o)
    0x00005430   0x0000005c   Code   RO          462    x$fpl$fflt          fz_ts.l(fflt_noclz.o)
    0x0000548c   0x00000008   Code   RO          461    x$fpl$ffltu         fz_ts.l(fflt_noclz.o)
    0x00005494   0x000000a8   Code   RO          478    x$fpl$fnaninf       fz_ts.l(fnaninf.o)
    0x0000553c   0x00000004   Ven    RO          568    x$fpl$fpinit        fz_ts.l(fpinit.o)
    0x00005540   0x00000018   Code   RO          568    x$fpl$fpinit        fz_ts.l(fpinit.o)
    0x00005558   0x00000010   Code   RO          480    x$fpl$fretinf       fz_ts.l(fretinf.o)
    0x00005568   0x00000000   Code   RO          482    x$fpl$usenofp       fz_ts.l(usenofp.o)
    0x00005568   0x0000003c   Data   RO          189    .constdata          softtimer.o
    0x000055a4   0x00000014   Data   RO          209    .constdata          data.o
    0x000055b8   0x000000bd   Data   RO          359    .constdata          usbdesc.o
    0x00005675   0x00000003   PAD
    0x00005678   0x00000040   Data   RO          390    .constdata          usbuser.o
    0x000056b8   0x00000020   Data   RO          645    Region$$Table       anon$$obj.o


    Execution Region RW_IRAM1 (Base: 0x40000000, Size: 0x00000920, Max: 0x00008000, ABSOLUTE)

    Base Addr    Size         Type   Attr      Idx    E Section Name        Object

    0x40000000   0x0000000c   Data   RW           99    .data               led.o
    0x4000000c   0x0000000c   Data   RW          118    .data               led7.o
    0x40000018   0x00000024   Data   RW          137    .data               ssp.o
    0x4000003c   0x00000010   Data   RW          156    .data               timer.o
    0x4000004c   0x00000028   Data   RW          190    .data               softtimer.o
    0x40000074   0x00000050   Data   RW          210    .data               data.o
    0x400000c4   0x00000002   Data   RW          247    .data               hiduser.o
    0x400000c6   0x00000002   PAD
    0x400000c8   0x00000024   Data   RW          286    .data               usbcore.o
    0x400000ec   0x0000007f   Zero   RW           12    .bss                main.o
    0x4000016b   0x00000001   PAD
    0x4000016c   0x0000002c   Zero   RW           97    .bss                led.o
    0x40000198   0x000001a8   Zero   RW          188    .bss                softtimer.o
    0x40000340   0x00000024   Zero   RW          208    .bss                data.o
    0x40000364   0x00000014   Zero   RW          228    .bss                i2c.o
    0x40000378   0x00000040   Zero   RW          285    .bss                usbcore.o
    0x400003b8   0x00000060   Zero   RW          517    .bss                c_t.l(libspace.o)
    0x40000418   0x00000000   Zero   RW            2    HEAP                lpc2300.o
    0x40000418   0x00000508   Zero   RW            1    STACK               lpc2300.o


==============================================================================

Image component sizes


      Code (inc. data)   RO Data    RW Data    ZI Data      Debug   Object Name

      3648         96         20         80         36       6121   data.o
       380         28          0          2          0       6666   hiduser.o
       120          8          0          0         20        916   i2c.o
      1160         44          0          0          0       1101   irc.o
       900          8          0         12         44       1634   led.o
       648         12          0         12          0       1531   led7.o
       596         92          0          0       1288        500   lpc2300.o
       352         24          0          0        127       4152   main.o
      1140         48         60         40        424       3043   softtimer.o
      1576         28          0         36          0       2630   ssp.o
       192         12          0         16          0       1250   timer.o
      4516        200          0         36         64       8579   usbcore.o
         0          0        189          0          0        773   usbdesc.o
      2068         80          0          0          0       6039   usbhw.o
       180          8         64          0          0       3105   usbuser.o

    ----------------------------------------------------------------------
     17476        688        368        236       2004      48040   Object Totals
         0          0         32          0          0          0   (incl. Generated)
         0          0          3          2          1          0   (incl. Padding)

    ----------------------------------------------------------------------

      Code (inc. data)   RO Data    RW Data    ZI Data      Debug   Library Member Name

         8          0          0          0          0         68   __main.o
        60          8          0          0          0          0   __scatter.o
        40          0          0          0          0          0   __scatter_copy.o
        44          0          0          0          0          0   __scatter_zi.o
       384          0          0          0          0         80   aeabi_sdiv.o
        12          0          0          0          0         64   exit.o
         6          0          0          0          0        136   heapauxi.o
         0          0          0          0          0          0   indicate_semi.o
        14          0          0          0          0          0   libinit.o
        12          0          0          0          0          0   libinit2.o
        12          0          0          0          0          0   libshutdown.o
         6          0          0          0          0          0   libshutdown2.o
        12          4          0          0         96         68   libspace.o
        12          4          0          0          0         68   rt_fp_status_addr_intlibspace.o
       212          0          0          0          0         68   rt_memcpy.o
       100          0          0          0          0         80   rt_memcpy_w.o
         0          0          0          0          0          0   rtentry.o
        44          4          0          0          0          0   rtentry2.o
         8          0          0          0          0          0   rtentry4.o
         8          0          0          0          0          0   rtexit.o
        12          0          0          0          0          0   rtexit2.o
        20          4          0          0          0         60   sys_exit.o
        96          0          0          0          0         80   sys_stackheap_outer.o
        32          0          0          0          0         68   uread4.o
         4          0          0          0          0         68   use_no_semi.o
        32          0          0          0          0         68   uwrite4.o
       920         16          0          0          0        296   daddsub_noclz.o
        28          0          0          0          0         68   dcmpi.o
       736        140          0          0          0        232   ddiv.o
       112          4          0          0          0         92   dfix.o
        88          0          0          0          0         68   dflt_noclz.o
       148          4          0          0          0         92   dleqf.o
       192          0          0          0          0        108   dnaninf.o
        16          0          0          0          0         68   dretinf.o
       140          0          0          0          0         80   drleqf.o
       100          4          0          0          0         84   f2d.o
       400         76          0          0          0         96   fdiv.o
       100          0          0          0          0        136   fflt_noclz.o
       168          0          0          0          0        100   fnaninf.o
        28          0          0          0          0         80   fpinit.o
        16          0          0          0          0         68   fretinf.o
         0          0          0          0          0          0   usenofp.o

    ----------------------------------------------------------------------
      4388        268          0          0         96       2644   Library Totals
         6          0          0          0          0          0   (incl. Padding)

    ----------------------------------------------------------------------

      Code (inc. data)   RO Data    RW Data    ZI Data      Debug   Library Name

      1190         24          0          0         96        976   c_t.l
      3192        244          0          0          0       1668   fz_ts.l

    ----------------------------------------------------------------------
      4388        268          0          0         96       2644   Library Totals

    ----------------------------------------------------------------------

==============================================================================


      Code (inc. data)   RO Data    RW Data    ZI Data      Debug   

     21864        956        368        236       2100      47840   Grand Totals
     21864        956        368        236       2100      47840   ELF Image Totals
     21864        956        368        236          0          0   ROM Totals

==============================================================================

    Total RO  Size (Code + RO Data)                22232 (  21.71kB)
    Total RW  Size (RW Data + ZI Data)              2336 (   2.28kB)
    Total ROM Size (Code + RO Data + RW Data)      22468 (  21.94kB)

==============================================================================

